=== SWEEP START  max_weight=8  min_abs=1e-4  05:39:08 ===
=== FIELD i=0  05:39:08 ===
  i= 0  h=0.00000 (0.0000π)  <Z_62>=+1.000000  t=9.6s  terms=1  peak=0.08GB
=== FIELD i=19  05:39:20 ===
  i=19  h=1.57080 (0.5000π)  <Z_62>=+0.000000  t=3.2s  terms=0  peak=0.0GB
=== FIELD i=1  05:39:25 ===
  i= 1  h=0.08267 (0.0263π)  <Z_62>=+0.997629  t=11.3s  terms=1  peak=0.08GB
=== FIELD i=18  05:39:38 ===
  i=18  h=1.48812 (0.4737π)  <Z_62>=+0.000000  t=3.9s  terms=0  peak=0.0GB
=== FIELD i=2  05:39:43 ===
  i= 2  h=0.16535 (0.0526π)  <Z_62>=+0.986050  t=11.8s  terms=2  peak=0.08GB
=== FIELD i=17  05:39:56 ===
  i=17  h=1.40545 (0.4474π)  <Z_62>=+0.000000  t=4.3s  terms=0  peak=0.0GB
=== FIELD i=3  05:40:02 ===
  i= 3  h=0.24802 (0.0789π)  <Z_62>=+0.957642  t=12.2s  terms=9  peak=0.1GB
=== FIELD i=16  05:40:16 ===
  i=16  h=1.32278 (0.4211π)  <Z_62>=+0.000000  t=4.9s  terms=0  peak=0.01GB
=== FIELD i=4  05:40:22 ===
  i= 4  h=0.33069 (0.1053π)  <Z_62>=+0.894161  t=12.8s  terms=10  peak=0.12GB
=== FIELD i=15  05:40:37 ===
  i=15  h=1.24010 (0.3947π)  <Z_62>=+0.000000  t=5.5s  terms=0  peak=0.03GB
=== FIELD i=5  05:40:44 ===
  i= 5  h=0.41337 (0.1316π)  <Z_62>=+0.864488  t=13.1s  terms=30  peak=0.15GB
=== FIELD i=14  05:40:59 ===
  i=14  h=1.15743 (0.3684π)  <Z_62>=+0.000000  t=8.4s  terms=0  peak=0.07GB
=== FIELD i=6  05:41:08 ===
  i= 6  h=0.49604 (0.1579π)  <Z_62>=+0.804626  t=13.6s  terms=32  peak=0.25GB
=== FIELD i=13  05:41:24 ===
  i=13  h=1.07476 (0.3421π)  <Z_62>=+0.001464  t=12.7s  terms=1  peak=0.16GB
=== FIELD i=7  05:41:38 ===
  i= 7  h=0.57871 (0.1842π)  <Z_62>=+0.660705  t=14.1s  terms=60  peak=0.41GB
=== FIELD i=12  05:41:54 ===
  i=12  h=0.99208 (0.3158π)  <Z_62>=+0.013022  t=13.3s  terms=1  peak=0.32GB
=== FIELD i=8  05:42:09 ===
  i= 8  h=0.66139 (0.2105π)  <Z_62>=+0.511478  t=14.2s  terms=55  peak=0.55GB
=== FIELD i=11  05:42:25 ===
  i=11  h=0.90941 (0.2895π)  <Z_62>=+0.063677  t=14.0s  terms=20  peak=0.51GB
=== FIELD i=9  05:42:40 ===
  i= 9  h=0.74406 (0.2368π)  <Z_62>=+0.348135  t=14.3s  terms=47  peak=0.63GB
=== FIELD i=10  05:42:56 ===
  i=10  h=0.82673 (0.2632π)  <Z_62>=+0.179611  t=14.2s  terms=34  peak=0.62GB
=== SWEEP DONE  05:43:12 ===
