=== SWEEP START  max_weight=8  min_abs=1e-4  02:23:42 ===
=== FIELD i=0  02:23:42 ===
  i= 0  h=0.00000 (0.0000π)  <Z_62>=+1.000000  t=9.1s  terms=1  peak=0.01GB
=== FIELD i=19  02:23:53 ===
  i=19  h=1.57080 (0.5000π)  <Z_62>=+0.000000  t=3.5s  terms=0  peak=0.0GB
=== FIELD i=1  02:23:58 ===
  i= 1  h=0.08267 (0.0263π)  <Z_62>=+0.997629  t=10.2s  terms=1  peak=0.01GB
=== FIELD i=18  02:24:10 ===
  i=18  h=1.48812 (0.4737π)  <Z_62>=+0.000000  t=4.1s  terms=0  peak=0.0GB
=== FIELD i=2  02:24:16 ===
  i= 2  h=0.16535 (0.0526π)  <Z_62>=+0.986050  t=11.3s  terms=2  peak=0.02GB
=== FIELD i=17  02:24:29 ===
  i=17  h=1.40545 (0.4474π)  <Z_62>=+0.000000  t=4.4s  terms=0  peak=0.0GB
=== FIELD i=3  02:24:35 ===
  i= 3  h=0.24802 (0.0789π)  <Z_62>=+0.957643  t=11.4s  terms=9  peak=0.03GB
=== FIELD i=16  02:24:48 ===
  i=16  h=1.32278 (0.4211π)  <Z_62>=+0.000000  t=4.9s  terms=0  peak=0.01GB
=== FIELD i=4  02:24:55 ===
  i= 4  h=0.33069 (0.1053π)  <Z_62>=+0.894161  t=12.3s  terms=10  peak=0.07GB
=== FIELD i=15  02:25:09 ===
  i=15  h=1.24010 (0.3947π)  <Z_62>=+0.000000  t=5.5s  terms=0  peak=0.03GB
=== FIELD i=5  02:25:16 ===
  i= 5  h=0.41337 (0.1316π)  <Z_62>=+0.864488  t=12.4s  terms=30  peak=0.14GB
=== FIELD i=14  02:25:30 ===
  i=14  h=1.15743 (0.3684π)  <Z_62>=+0.000000  t=8.8s  terms=0  peak=0.07GB
=== FIELD i=6  02:25:41 ===
  i= 6  h=0.49604 (0.1579π)  <Z_62>=+0.804626  t=13.0s  terms=32  peak=0.25GB
=== FIELD i=13  02:25:55 ===
  i=13  h=1.07476 (0.3421π)  <Z_62>=+0.001464  t=12.1s  terms=1  peak=0.16GB
=== FIELD i=7  02:26:09 ===
  i= 7  h=0.57871 (0.1842π)  <Z_62>=+0.660705  t=13.6s  terms=60  peak=0.41GB
=== FIELD i=12  02:26:25 ===
  i=12  h=0.99208 (0.3158π)  <Z_62>=+0.013022  t=12.8s  terms=1  peak=0.32GB
=== FIELD i=8  02:26:39 ===
  i= 8  h=0.66139 (0.2105π)  <Z_62>=+0.511478  t=13.8s  terms=55  peak=0.55GB
=== FIELD i=11  02:26:55 ===
  i=11  h=0.90941 (0.2895π)  <Z_62>=+0.063677  t=13.2s  terms=20  peak=0.51GB
=== FIELD i=9  02:27:10 ===
  i= 9  h=0.74406 (0.2368π)  <Z_62>=+0.348136  t=14.2s  terms=47  peak=0.63GB
=== FIELD i=10  02:27:25 ===
  i=10  h=0.82673 (0.2632π)  <Z_62>=+0.179611  t=13.9s  terms=34  peak=0.62GB
=== SWEEP DONE  02:27:41 ===
